// Jest Snapshot v1, https://goo.gl/fbAQLP

exports[`initial state can pass slice 1`] = `
{
  "user": {
    "child": {
      "name": "Joel",
    },
  },
}
`;

exports[`initial state merges initial state from different components 1`] = `
{
  "children": [],
  "count": 0,
  "count1": 0,
  "foo": "bar",
  "name": {
    "firstName": "Ash",
    "lastName": "Moss",
  },
}
`;
